<html>
<body>
<pre>
<h1>µVision Build Log</h1>
<h2>Tool Versions:</h2>
IDE-Version: ¦ÌVision V5.18a
Copyright (C) 2016 ARM Ltd and ARM Germany GmbH. All rights reserved.
License Information: LeongKeit Microsoft, Microsoft, LIC=----
 
Tool Versions:
Toolchain:       MDK-Lite  Version: 5.18a
Toolchain Path:  C:\Keil_v5\ARM\ARMCC\Bin
C Compiler:      Armcc.exe V5.06 update 1 (build 61)
Assembler:       Armasm.exe V5.06 update 1 (build 61)
Linker/Locator:  ArmLink.exe V5.06 update 1 (build 61)
Library Manager: ArmAr.exe V5.06 update 1 (build 61)
Hex Converter:   FromElf.exe V5.06 update 1 (build 61)
CPU DLL:         SARMCM3.DLL V5.18a
Dialog DLL:      DARMCM1.DLL V1.12.0.0
Target DLL:      STLink\ST-LINKIII-KEIL_SWO.dll V2.0.18.0
Dialog DLL:      TARMCM1.DLL V1.9.0.0
 
<h2>Project:</h2>
C:\Users\Towa5\Desktop\WorkShopTestingCode\TestingCode\MDK-ARM\TestingCode.uvprojx
Project File Date:  07/10/2016

<h2>Output:</h2>
*** Using Compiler 'V5.06 update 1 (build 61)', folder: 'C:\Keil_v5\ARM\ARMCC\Bin'
Build target 'TestingCode'
compiling main.c...
../Src/main.c(147): warning:  #167-D: argument of type "uint8_t *" is incompatible with parameter of type "char *"
  	bcdtos(printdata,data[3]);
../Src/main.c(174): warning:  #167-D: argument of type "uint8_t *" is incompatible with parameter of type "char *"
  	bcdtos(printdata,data);
../Src/main.c(190): warning:  #167-D: argument of type "uint8_t *" is incompatible with parameter of type "char *"
  	bcdtos(&time[0], pthisreg->hours);
../Src/main.c(191): warning:  #167-D: argument of type "uint8_t *" is incompatible with parameter of type "char *"
  	bcdtos(&time[3], pthisreg->minutes);
../Src/main.c(192): warning:  #167-D: argument of type "uint8_t *" is incompatible with parameter of type "char *"
  	bcdtos(&time[6], pthisreg->seconds);
../Src/main.c(194): warning:  #167-D: argument of type "uint8_t *" is incompatible with parameter of type "char *"
  	bcdtos(&date[0], pthisreg->date);
../Src/main.c(195): warning:  #167-D: argument of type "uint8_t *" is incompatible with parameter of type "char *"
  	bcdtos(&date[3], pthisreg->months);
../Src/main.c(196): warning:  #167-D: argument of type "uint8_t *" is incompatible with parameter of type "char *"
  	bcdtos(&date[8], pthisreg->year);
../Src/main.c(187): warning:  #177-D: variable "day" was declared but never referenced
  	uint8_t day;
../Src/main.c(188): warning:  #177-D: variable "isclockhalt" was declared but never referenced
  	uint8_t isclockhalt;
../Src/main.c(189): warning:  #177-D: variable "is12hoursmode" was declared but never referenced
  	uint8_t is12hoursmode;
../Src/main.c(229): warning:  #177-D: variable "spidata" was declared but never referenced
  	uint8_t spidata[]={0x05,0xff,0xff};
../Src/main.c(230): warning:  #550-D: variable "thisdata" was set but never used
  	uint8_t thisdata;
../Src/main.c: 13 warnings, 0 errors
linking...
Program Size: Code=9072 RO-data=248 RW-data=12 ZI-data=1316  
"TestingCode\TestingCode.axf" - 0 Error(s), 13 Warning(s).

<h2>Software Packages used:</h2>

Package Vendor: ARM
                http://www.keil.com/pack/ARM.CMSIS.4.5.0.pack
                ARM::CMSIS:CORE:4.3.0
                CMSIS (Cortex Microcontroller Software Interface Standard)
   * Component: CORE Version: 4.3.0

<h2>Collection of Component include folders:</h2>
  C:\Users\Towa5\Desktop\WorkShopTestingCode\TestingCode\MDK-ARM\RTE
  C:\Keil_v5\ARM\PACK\ARM\CMSIS\4.5.0\CMSIS\Include
  C:\Keil_v5\ARM\PACK\Keil\STM32F0xx_DFP\1.5.0\Device\Include

<h2>Collection of Component Files used:</h2>

   * Component: ARM::CMSIS:CORE:4.3.0
Build Time Elapsed:  00:00:01
</pre>
</body>
</html>
